// Jest Snapshot v1, https://goo.gl/fbAQLP

exports[`Card Snap render Card -- props extra  1`] = `"<div class=\\"at-card\\"><div class=\\"at-card-header\\"><div class=\\"at-card-header__thumb\\"><div class=\\"taro-img at-card-header__thumb-info\\"><img class=\\"taro-img__mode-scaletofill\\" src=\\"http://img10.360buyimg.com/jdphoto/s72x72_jfs/t5872/209/5240187906/2872/8fa98cd/595c3b2aN4155b931.png\\"/></div></div><span class=\\"taro-text at-card-header__title\\">这是个标题</span><span class=\\"taro-text at-card-header__extra\\">额外信息</span></div><div class=\\"at-card-content\\"><div class=\\"at-card-content__info\\">这也是内容区 可以随意定义功能</div><div class=\\"at-card-content__note\\">小Tips</div></div></div>"`;

exports[`Card Snap render Card -- props isFull  1`] = `"<div class=\\"at-card at-card--full\\"><div class=\\"at-card-header\\"><div class=\\"at-card-header__thumb\\"><div class=\\"taro-img at-card-header__thumb-info\\"><img class=\\"taro-img__mode-scaletofill\\" src=\\"http://img10.360buyimg.com/jdphoto/s72x72_jfs/t5872/209/5240187906/2872/8fa98cd/595c3b2aN4155b931.png\\"/></div></div><span class=\\"taro-text at-card-header__title\\">这是个标题</span><span class=\\"taro-text at-card-header__extra\\">额外信息</span></div><div class=\\"at-card-content\\"><div class=\\"at-card-content__info\\">这也是内容区 可以随意定义功能</div><div class=\\"at-card-content__note\\">小Tips</div></div></div>"`;

exports[`Card Snap render Card -- props note 1`] = `"<div class=\\"at-card\\"><div class=\\"at-card-header\\"><div class=\\"at-card-header__thumb\\"><div class=\\"taro-img at-card-header__thumb-info\\"><img class=\\"taro-img__mode-scaletofill\\" src=\\"http://img10.360buyimg.com/jdphoto/s72x72_jfs/t5872/209/5240187906/2872/8fa98cd/595c3b2aN4155b931.png\\"/></div></div><span class=\\"taro-text at-card-header__title\\">这是个标题</span>undefined</div><div class=\\"at-card-content\\"><div class=\\"at-card-content__info\\">这也是内容区 可以随意定义功能</div><div class=\\"at-card-content__note\\">小Tips</div></div></div>"`;

exports[`Card Snap render Card -- props thumb 1`] = `"<div class=\\"at-card\\"><div class=\\"at-card-header\\"><div class=\\"at-card-header__thumb\\"><div class=\\"taro-img at-card-header__thumb-info\\"><img class=\\"taro-img__mode-scaletofill\\" src=\\"http://img10.360buyimg.com/jdphoto/s72x72_jfs/t5872/209/5240187906/2872/8fa98cd/595c3b2aN4155b931.png\\"/></div></div><span class=\\"taro-text at-card-header__title\\">这是个标题</span>undefined</div><div class=\\"at-card-content\\"><div class=\\"at-card-content__info\\">这也是内容区 可以随意定义功能</div>undefined</div></div>"`;

exports[`Card Snap render initial Card 1`] = `"<div class=\\"at-card\\"><div class=\\"at-card-header\\">undefined<span class=\\"taro-text at-card-header__title\\">这是个标题</span>undefined</div><div class=\\"at-card-content\\"><div class=\\"at-card-content__info\\">这也是内容区 可以随意定义功能</div>undefined</div></div>"`;
