// Jest Snapshot v1, https://goo.gl/fbAQLP

exports[`AtPagination Snap render AtPagination -- props current 1`] = `"<div class=\\"at-pagination\\"><div class=\\"at-pagination__operate\\"><div class=\\"at-pagination__btns\\"><div class=\\"at-pagination__btns-prev\\">undefined<div class=\\"at-button at-button--small at-button--disabled\\">undefinedundefined<div class=\\"at-button__text\\">上一页</div></div></div><div class=\\"at-pagination__btns-next\\">undefined<div class=\\"at-button at-button--small at-button--disabled\\">undefinedundefined<div class=\\"at-button__text\\">下一页</div></div></div></div></div><div class=\\"at-pagination__number\\"><span class=\\"taro-text at-pagination__number-current\\">1</span>/1</div></div>"`;

exports[`AtPagination Snap render AtPagination -- props icon 1`] = `"<div class=\\"at-pagination at-pagination--icon\\"><div class=\\"at-pagination__operate\\"><div class=\\"at-pagination__btns\\"><div class=\\"at-pagination__btns-prev\\"><div class=\\"at-button at-button--small at-button--disabled\\">undefinedundefined<div class=\\"at-button__text\\"><span style=\\"font-size:20px;color:#000;\\" class=\\"taro-text at-icon at-icon-chevron-left\\"></span></div></div>undefined</div><div class=\\"at-pagination__btns-next\\"><div class=\\"at-button at-button--small at-button--disabled\\">undefinedundefined<div class=\\"at-button__text\\"><span style=\\"font-size:20px;color:#000;\\" class=\\"taro-text at-icon at-icon-chevron-right\\"></span></div></div>undefined</div></div></div><div class=\\"at-pagination__number\\"><span class=\\"taro-text at-pagination__number-current\\">1</span>/1</div></div>"`;

exports[`AtPagination Snap render AtPagination -- props pageSize 1`] = `"<div class=\\"at-pagination\\"><div class=\\"at-pagination__operate\\"><div class=\\"at-pagination__btns\\"><div class=\\"at-pagination__btns-prev\\">undefined<div class=\\"at-button at-button--small at-button--disabled\\">undefinedundefined<div class=\\"at-button__text\\">上一页</div></div></div><div class=\\"at-pagination__btns-next\\">undefined<div class=\\"at-button at-button--small at-button--disabled\\">undefinedundefined<div class=\\"at-button__text\\">下一页</div></div></div></div></div><div class=\\"at-pagination__number\\"><span class=\\"taro-text at-pagination__number-current\\">1</span>/1</div></div>"`;

exports[`AtPagination Snap render AtPagination -- props total 1`] = `"<div class=\\"at-pagination\\"><div class=\\"at-pagination__operate\\"><div class=\\"at-pagination__btns\\"><div class=\\"at-pagination__btns-prev\\">undefined<div class=\\"at-button at-button--small at-button--disabled\\">undefinedundefined<div class=\\"at-button__text\\">上一页</div></div></div><div class=\\"at-pagination__btns-next\\">undefined<div class=\\"at-button at-button--small\\">undefinedundefined<div class=\\"at-button__text\\">下一页</div></div></div></div></div><div class=\\"at-pagination__number\\"><span class=\\"taro-text at-pagination__number-current\\">1</span>/5</div></div>"`;
