// Jest Snapshot v1, https://goo.gl/fbAQLP

exports[`AtInput Snap render AtInput -- init 1`] = `"<div class=\\"at-input\\"><div class=\\"at-input__container\\">undefined<input id=\\"\\" name=\\"\\" placeholderStyle=\\"\\" placeholderClass=\\"placeholder\\" cursorSpacing=\\"50\\" maxlength=\\"140\\" value=\\"\\" confirmType=\\"完成\\" cursor=\\"0\\" selectionStart=\\"-1\\" selectionEnd=\\"-1\\" adjustPosition class=\\"weui-input at-input__input\\" placeholder=\\"\\" type=\\"text\\"/>undefinedundefined<div class=\\"at-input__children\\"></div></div></div>"`;

exports[`AtInput Snap render AtInput -- props border 1`] = `"<div class=\\"at-input at-input--without-border\\"><div class=\\"at-input__container\\">undefined<input id=\\"\\" name=\\"\\" placeholderStyle=\\"\\" placeholderClass=\\"placeholder\\" cursorSpacing=\\"50\\" maxlength=\\"140\\" value=\\"\\" confirmType=\\"完成\\" cursor=\\"0\\" selectionStart=\\"-1\\" selectionEnd=\\"-1\\" adjustPosition class=\\"weui-input at-input__input\\" placeholder=\\"\\" type=\\"text\\"/>undefinedundefined<div class=\\"at-input__children\\"></div></div></div>"`;

exports[`AtInput Snap render AtInput -- props disabled 1`] = `"<div class=\\"at-input\\"><div class=\\"at-input__container at-input--disabled\\">undefined<input id=\\"\\" name=\\"\\" placeholderStyle=\\"\\" placeholderClass=\\"placeholder\\" cursorSpacing=\\"50\\" maxlength=\\"140\\" value=\\"\\" confirmType=\\"完成\\" cursor=\\"0\\" selectionStart=\\"-1\\" selectionEnd=\\"-1\\" adjustPosition class=\\"weui-input at-input__input\\" placeholder=\\"\\" disabled type=\\"text\\"/>undefinedundefined<div class=\\"at-input__children\\"></div></div></div>"`;

exports[`AtInput Snap render AtInput -- props editable 1`] = `"<div class=\\"at-input\\"><div class=\\"at-input__container at-input--disabled\\">undefined<input id=\\"\\" name=\\"\\" placeholderStyle=\\"\\" placeholderClass=\\"placeholder\\" cursorSpacing=\\"50\\" maxlength=\\"140\\" value=\\"\\" confirmType=\\"完成\\" cursor=\\"0\\" selectionStart=\\"-1\\" selectionEnd=\\"-1\\" adjustPosition class=\\"weui-input at-input__input\\" placeholder=\\"\\" disabled type=\\"text\\"/>undefinedundefined<div class=\\"at-input__children\\"></div></div></div>"`;

exports[`AtInput Snap render AtInput -- props error 1`] = `"<div class=\\"at-input\\"><div class=\\"at-input__container at-input--error\\">undefined<input id=\\"\\" name=\\"\\" placeholderStyle=\\"\\" placeholderClass=\\"placeholder\\" cursorSpacing=\\"50\\" maxlength=\\"140\\" value=\\"\\" confirmType=\\"完成\\" cursor=\\"0\\" selectionStart=\\"-1\\" selectionEnd=\\"-1\\" adjustPosition class=\\"weui-input at-input__input\\" placeholder=\\"\\" type=\\"text\\"/>undefined<div class=\\"at-input__icon\\"><span style=\\"font-size:15px;color:#FF4949;\\" class=\\"taro-text at-icon at-icon-alert-circle\\"></span></div><div class=\\"at-input__children\\"></div></div></div>"`;

exports[`AtInput Snap render AtInput -- props error 2`] = `"<div class=\\"at-input\\"><div class=\\"at-input__container\\">undefined<input id=\\"\\" name=\\"\\" placeholderStyle=\\"\\" placeholderClass=\\"placeholder\\" cursorSpacing=\\"50\\" maxlength=\\"140\\" value=\\"\\" confirmType=\\"完成\\" cursor=\\"0\\" selectionStart=\\"-1\\" selectionEnd=\\"-1\\" adjustPosition class=\\"weui-input at-input__input\\" placeholder=\\"\\" type=\\"text\\"/>undefinedundefined<div class=\\"at-input__children\\"></div></div></div>"`;

exports[`AtInput Snap render AtInput -- props maxlength 1`] = `"<div class=\\"at-input\\"><div class=\\"at-input__container\\">undefined<input id=\\"\\" name=\\"\\" placeholderStyle=\\"\\" placeholderClass=\\"placeholder\\" cursorSpacing=\\"50\\" maxlength=\\"10\\" value=\\"\\" confirmType=\\"完成\\" cursor=\\"0\\" selectionStart=\\"-1\\" selectionEnd=\\"-1\\" adjustPosition class=\\"weui-input at-input__input\\" placeholder=\\"\\" type=\\"text\\"/>undefinedundefined<div class=\\"at-input__children\\"></div></div></div>"`;

exports[`AtInput Snap render AtInput -- props name 1`] = `"<div class=\\"at-input\\"><div class=\\"at-input__container\\">undefined<input id=\\"name\\" name=\\"name\\" placeholderStyle=\\"\\" placeholderClass=\\"placeholder\\" cursorSpacing=\\"50\\" maxlength=\\"140\\" value=\\"\\" confirmType=\\"完成\\" cursor=\\"0\\" selectionStart=\\"-1\\" selectionEnd=\\"-1\\" adjustPosition class=\\"weui-input at-input__input\\" placeholder=\\"\\" type=\\"text\\"/>undefinedundefined<div class=\\"at-input__children\\"></div></div></div>"`;

exports[`AtInput Snap render AtInput -- props name 2`] = `"<div class=\\"at-input\\"><div class=\\"at-input__container\\">undefined<input id=\\"\\" name=\\"\\" placeholderStyle=\\"\\" placeholderClass=\\"placeholder\\" cursorSpacing=\\"50\\" maxlength=\\"140\\" value=\\"\\" confirmType=\\"完成\\" cursor=\\"0\\" selectionStart=\\"-1\\" selectionEnd=\\"-1\\" adjustPosition class=\\"weui-input at-input__input\\" placeholder=\\"placeholder\\" type=\\"text\\"/>undefinedundefined<div class=\\"at-input__children\\"></div></div></div>"`;

exports[`AtInput Snap render AtInput -- props style 1`] = `"<div class=\\"at-input\\"><div class=\\"at-input__container\\">undefined<input id=\\"\\" name=\\"\\" placeholderStyle=\\"\\" placeholderClass=\\"placeholder\\" cursorSpacing=\\"50\\" maxlength=\\"140\\" value=\\"\\" confirmType=\\"完成\\" cursor=\\"0\\" selectionStart=\\"-1\\" selectionEnd=\\"-1\\" adjustPosition class=\\"weui-input at-input__input\\" placeholder=\\"\\" type=\\"text\\"/>undefinedundefined<div class=\\"at-input__children\\"></div></div></div>"`;

exports[`AtInput Snap render AtInput -- props title 1`] = `"<div class=\\"at-input\\"><div class=\\"at-input__container\\"><label class=\\"at-input__title\\" for=\\"\\">title</label><input id=\\"\\" name=\\"\\" placeholderStyle=\\"\\" placeholderClass=\\"placeholder\\" cursorSpacing=\\"50\\" maxlength=\\"140\\" value=\\"\\" confirmType=\\"完成\\" cursor=\\"0\\" selectionStart=\\"-1\\" selectionEnd=\\"-1\\" adjustPosition class=\\"weui-input at-input__input\\" placeholder=\\"\\" type=\\"text\\"/>undefinedundefined<div class=\\"at-input__children\\"></div></div></div>"`;

exports[`AtInput Snap render AtInput -- props type(digit) 1`] = `"<div class=\\"at-input\\"><div class=\\"at-input__container\\">undefined<input id=\\"\\" name=\\"\\" placeholderStyle=\\"\\" placeholderClass=\\"placeholder\\" cursorSpacing=\\"50\\" maxlength=\\"140\\" value=\\"\\" confirmType=\\"完成\\" cursor=\\"0\\" selectionStart=\\"-1\\" selectionEnd=\\"-1\\" adjustPosition class=\\"weui-input at-input__input\\" placeholder=\\"\\" type=\\"digit\\"/>undefinedundefined<div class=\\"at-input__children\\"></div></div></div>"`;

exports[`AtInput Snap render AtInput -- props type(idcard) 1`] = `"<div class=\\"at-input\\"><div class=\\"at-input__container\\">undefined<input id=\\"\\" name=\\"\\" placeholderStyle=\\"\\" placeholderClass=\\"placeholder\\" cursorSpacing=\\"50\\" maxlength=\\"140\\" value=\\"\\" confirmType=\\"完成\\" cursor=\\"0\\" selectionStart=\\"-1\\" selectionEnd=\\"-1\\" adjustPosition class=\\"weui-input at-input__input\\" placeholder=\\"\\" type=\\"idcard\\"/>undefinedundefined<div class=\\"at-input__children\\"></div></div></div>"`;

exports[`AtInput Snap render AtInput -- props type(number) 1`] = `"<div class=\\"at-input\\"><div class=\\"at-input__container\\">undefined<input id=\\"\\" name=\\"\\" placeholderStyle=\\"\\" placeholderClass=\\"placeholder\\" cursorSpacing=\\"50\\" maxlength=\\"140\\" value=\\"\\" confirmType=\\"完成\\" cursor=\\"0\\" selectionStart=\\"-1\\" selectionEnd=\\"-1\\" adjustPosition class=\\"weui-input at-input__input\\" placeholder=\\"\\" type=\\"number\\"/>undefinedundefined<div class=\\"at-input__children\\"></div></div></div>"`;

exports[`AtInput Snap render AtInput -- props type(password) 1`] = `"<div class=\\"at-input\\"><div class=\\"at-input__container\\">undefined<input id=\\"\\" name=\\"\\" placeholderStyle=\\"\\" placeholderClass=\\"placeholder\\" cursorSpacing=\\"50\\" maxlength=\\"140\\" value=\\"\\" confirmType=\\"完成\\" cursor=\\"0\\" selectionStart=\\"-1\\" selectionEnd=\\"-1\\" adjustPosition class=\\"weui-input at-input__input\\" placeholder=\\"\\" type=\\"password\\"/>undefinedundefined<div class=\\"at-input__children\\"></div></div></div>"`;

exports[`AtInput Snap render AtInput -- props type(phone) 1`] = `"<div class=\\"at-input\\"><div class=\\"at-input__container\\">undefined<input id=\\"\\" name=\\"\\" placeholderStyle=\\"\\" placeholderClass=\\"placeholder\\" cursorSpacing=\\"50\\" maxlength=\\"11\\" value=\\"\\" confirmType=\\"完成\\" cursor=\\"0\\" selectionStart=\\"-1\\" selectionEnd=\\"-1\\" adjustPosition class=\\"weui-input at-input__input\\" placeholder=\\"\\" type=\\"number\\"/>undefinedundefined<div class=\\"at-input__children\\"></div></div></div>"`;

exports[`AtInput Snap render AtInput -- props value 1`] = `"<div class=\\"at-input\\"><div class=\\"at-input__container\\">undefined<input id=\\"\\" name=\\"\\" placeholderStyle=\\"\\" placeholderClass=\\"placeholder\\" cursorSpacing=\\"50\\" maxlength=\\"140\\" value=\\"value\\" confirmType=\\"完成\\" cursor=\\"0\\" selectionStart=\\"-1\\" selectionEnd=\\"-1\\" adjustPosition class=\\"weui-input at-input__input\\" placeholder=\\"\\" type=\\"text\\"/>undefinedundefined<div class=\\"at-input__children\\"></div></div></div>"`;
