// Jest Snapshot v1, https://goo.gl/fbAQLP

exports[`AtTextarea Snap render AtTextarea -- props className 1`] = `"<div class=\\"at-textarea test\\"><textarea placeholderClass=\\"placeholder\\" cursorSpacing=\\"100\\" value=\\"\\" confirmType=\\"完成\\" selectionStart=\\"-1\\" selectionEnd=\\"-1\\" class=\\"at-textarea__textarea\\" placeholder=\\"\\" maxlength=\\"200\\"></textarea><div class=\\"at-textarea__bottom\\">0/200</div></div>"`;

exports[`AtTextarea Snap render AtTextarea -- props customStyle 1`] = `"<div style=\\"color:red;\\" class=\\"at-textarea\\"><textarea placeholderClass=\\"placeholder\\" cursorSpacing=\\"100\\" value=\\"\\" confirmType=\\"完成\\" selectionStart=\\"-1\\" selectionEnd=\\"-1\\" class=\\"at-textarea__textarea\\" placeholder=\\"\\" maxlength=\\"200\\"></textarea><div class=\\"at-textarea__bottom\\">0/200</div></div>"`;

exports[`AtTextarea Snap render AtTextarea -- props maxlength 1`] = `"<div class=\\"at-textarea\\"><textarea placeholderClass=\\"placeholder\\" cursorSpacing=\\"100\\" value=\\"\\" confirmType=\\"完成\\" selectionStart=\\"-1\\" selectionEnd=\\"-1\\" class=\\"at-textarea__textarea\\" placeholder=\\"\\" maxlength=\\"300\\"></textarea><div class=\\"at-textarea__bottom\\">0/300</div></div>"`;

exports[`AtTextarea Snap render AtTextarea -- props maxlength 2`] = `"<div class=\\"at-textarea\\"><textarea placeholderClass=\\"placeholder\\" cursorSpacing=\\"100\\" value=\\"\\" confirmType=\\"完成\\" selectionStart=\\"-1\\" selectionEnd=\\"-1\\" class=\\"at-textarea__textarea\\" placeholder=\\"test\\" maxlength=\\"200\\"></textarea><div class=\\"at-textarea__bottom\\">0/200</div></div>"`;

exports[`AtTextarea Snap render AtTextarea -- props maxlength 3`] = `"<div class=\\"at-textarea\\"><textarea placeholderClass=\\"placeholder\\" cursorSpacing=\\"100\\" value=\\"\\" confirmType=\\"完成\\" selectionStart=\\"-1\\" selectionEnd=\\"-1\\" class=\\"at-textarea__textarea\\" placeholder=\\"\\" maxlength=\\"200\\"></textarea><div class=\\"at-textarea__bottom\\">0/200</div></div>"`;

exports[`AtTextarea Snap render AtTextarea -- props maxlength 4`] = `"<div class=\\"at-textarea\\"><textarea style=\\"height:64rem\\" placeholderClass=\\"placeholder\\" cursorSpacing=\\"100\\" value=\\"\\" confirmType=\\"完成\\" selectionStart=\\"-1\\" selectionEnd=\\"-1\\" class=\\"at-textarea__textarea\\" placeholder=\\"\\" maxlength=\\"200\\"></textarea><div class=\\"at-textarea__bottom\\">0/200</div></div>"`;

exports[`AtTextarea Snap render AtTextarea -- props value 1`] = `"<div class=\\"at-textarea\\"><textarea placeholderClass=\\"placeholder\\" cursorSpacing=\\"100\\" value=\\"test\\" confirmType=\\"完成\\" selectionStart=\\"-1\\" selectionEnd=\\"-1\\" class=\\"at-textarea__textarea\\" placeholder=\\"\\" maxlength=\\"200\\"></textarea><div class=\\"at-textarea__bottom\\">4/200</div></div>"`;

exports[`AtTextarea Snap render initial AtTextarea 1`] = `"<div class=\\"at-textarea\\"><textarea placeholderClass=\\"placeholder\\" cursorSpacing=\\"100\\" value=\\"\\" confirmType=\\"完成\\" selectionStart=\\"-1\\" selectionEnd=\\"-1\\" class=\\"at-textarea__textarea\\" placeholder=\\"\\" maxlength=\\"200\\"></textarea><div class=\\"at-textarea__bottom\\">0/200</div></div>"`;
