// Jest Snapshot v1, https://goo.gl/fbAQLP

exports[`AtSteps Snap render AtSteps -- props className 1`] = `"<div class=\\"at-steps test\\"></div>"`;

exports[`AtSteps Snap render AtSteps -- props current 1`] = `"<div class=\\"at-steps\\"><div class=\\"at-steps__item at-steps__item--inactive\\"><div class=\\"at-steps__circular-wrap\\">undefined<div class=\\"at-steps__circular\\"><span style=\\"font-size:14px;color:#78A4FA;\\" class=\\"taro-text at-icon at-icon-sound\\"></span></div><div class=\\"at-steps__right-line\\"></div></div><div class=\\"at-steps__title\\">步骤一</div><div class=\\"at-steps__desc\\">这里是额外的信息，最多两行</div></div><div class=\\"at-steps__item at-steps__item--active\\"><div class=\\"at-steps__circular-wrap\\"><div class=\\"at-steps__left-line\\"></div><div class=\\"at-steps__circular\\"><span style=\\"font-size:14px;color:#fff;\\" class=\\"taro-text at-icon at-icon-shopping-cart\\"></span></div><div class=\\"at-steps__right-line\\"></div></div><div class=\\"at-steps__title\\">步骤二</div><div class=\\"at-steps__desc\\">这里是额外的信息，最多两行</div></div><div class=\\"at-steps__item at-steps__item--inactive\\"><div class=\\"at-steps__circular-wrap\\"><div class=\\"at-steps__left-line\\"></div><div class=\\"at-steps__circular\\"><span style=\\"font-size:14px;color:#78A4FA;\\" class=\\"taro-text at-icon at-icon-camera\\"></span></div>undefined</div><div class=\\"at-steps__title\\">步骤三</div><div class=\\"at-steps__desc\\">这里是额外的信息，最多两行</div></div></div>"`;

exports[`AtSteps Snap render AtSteps -- props customStyle 1`] = `"<div style=\\"color:red;\\" class=\\"at-steps\\"></div>"`;

exports[`AtSteps Snap render AtSteps -- props items 1`] = `"<div class=\\"at-steps\\"><div class=\\"at-steps__item at-steps__item--active\\"><div class=\\"at-steps__circular-wrap\\">undefined<div class=\\"at-steps__circular\\"><span style=\\"font-size:14px;color:#fff;\\" class=\\"taro-text at-icon at-icon-sound\\"></span></div><div class=\\"at-steps__right-line\\"></div></div><div class=\\"at-steps__title\\">步骤一</div><div class=\\"at-steps__desc\\">这里是额外的信息，最多两行</div></div><div class=\\"at-steps__item at-steps__item--inactive\\"><div class=\\"at-steps__circular-wrap\\"><div class=\\"at-steps__left-line\\"></div><div class=\\"at-steps__circular\\"><span style=\\"font-size:14px;color:#78A4FA;\\" class=\\"taro-text at-icon at-icon-shopping-cart\\"></span></div><div class=\\"at-steps__right-line\\"></div></div><div class=\\"at-steps__title\\">步骤二</div><div class=\\"at-steps__desc\\">这里是额外的信息，最多两行</div></div><div class=\\"at-steps__item at-steps__item--inactive\\"><div class=\\"at-steps__circular-wrap\\"><div class=\\"at-steps__left-line\\"></div><div class=\\"at-steps__circular\\"><span style=\\"font-size:14px;color:#78A4FA;\\" class=\\"taro-text at-icon at-icon-camera\\"></span></div>undefined</div><div class=\\"at-steps__title\\">步骤三</div><div class=\\"at-steps__desc\\">这里是额外的信息，最多两行</div></div></div>"`;

exports[`AtSteps Snap render AtSteps -- props items 2`] = `"<div class=\\"at-steps\\"><div class=\\"at-steps__item at-steps__item--active\\"><div class=\\"at-steps__circular-wrap\\">undefined<span style=\\"font-size:28px;color:#6190E8;\\" class=\\"taro-text at-icon at-icon-check-circle\\"></span><div class=\\"at-steps__right-line\\"></div></div><div class=\\"at-steps__title\\">步骤一</div><div class=\\"at-steps__desc\\">这里是额外的信息，最多两行</div></div><div class=\\"at-steps__item at-steps__item--inactive\\"><div class=\\"at-steps__circular-wrap\\"><div class=\\"at-steps__left-line\\"></div><div class=\\"at-steps__circular\\"><span class=\\"taro-text at-steps__num\\">2</span></div><div class=\\"at-steps__right-line\\"></div></div><div class=\\"at-steps__title\\">步骤二</div><div class=\\"at-steps__desc\\">这里是额外的信息，最多两行</div></div><div class=\\"at-steps__item at-steps__item--inactive\\"><div class=\\"at-steps__circular-wrap\\"><div class=\\"at-steps__left-line\\"></div><span style=\\"font-size:28px;color:#FF4949;\\" class=\\"taro-text at-icon at-icon-close-circle\\"></span>undefined</div><div class=\\"at-steps__title\\">步骤三</div><div class=\\"at-steps__desc\\">这里是额外的信息，最多两行</div></div></div>"`;

exports[`AtSteps Snap render initial AtSteps 1`] = `"<div class=\\"at-steps\\"></div>"`;
