// Jest Snapshot v1, https://goo.gl/fbAQLP

exports[`Progress Snap render Progress -- props color  1`] = `"<div class=\\"at-activity-indicator\\"><div class=\\"at-activity-indicator__body\\"><div style=\\"width:24px;height:24px;\\" class=\\"at-loading\\"><div style=\\"border:1px solid #FF4949;border-color:#FF4949 transparent transparent transparent;width:24px;height:24px;\\" class=\\"at-loading__ring\\"></div><div style=\\"border:1px solid #FF4949;border-color:#FF4949 transparent transparent transparent;width:24px;height:24px;\\" class=\\"at-loading__ring\\"></div><div style=\\"border:1px solid #FF4949;border-color:#FF4949 transparent transparent transparent;width:24px;height:24px;\\" class=\\"at-loading__ring\\"></div></div></div></div>"`;

exports[`Progress Snap render Progress -- props isHidePercent 1`] = `"<div class=\\"at-activity-indicator\\"><div class=\\"at-activity-indicator__body\\"><div style=\\"width:24px;height:24px;\\" class=\\"at-loading\\"><div style=\\"border:1px solid #6190E8;border-color:#6190E8 transparent transparent transparent;width:24px;height:24px;\\" class=\\"at-loading__ring\\"></div><div style=\\"border:1px solid #6190E8;border-color:#6190E8 transparent transparent transparent;width:24px;height:24px;\\" class=\\"at-loading__ring\\"></div><div style=\\"border:1px solid #6190E8;border-color:#6190E8 transparent transparent transparent;width:24px;height:24px;\\" class=\\"at-loading__ring\\"></div></div></div></div>"`;

exports[`Progress Snap render Progress -- props percent 1`] = `"<div class=\\"at-activity-indicator\\"><div class=\\"at-activity-indicator__body\\"><div style=\\"width:24px;height:24px;\\" class=\\"at-loading\\"><div style=\\"border:1px solid #6190E8;border-color:#6190E8 transparent transparent transparent;width:24px;height:24px;\\" class=\\"at-loading__ring\\"></div><div style=\\"border:1px solid #6190E8;border-color:#6190E8 transparent transparent transparent;width:24px;height:24px;\\" class=\\"at-loading__ring\\"></div><div style=\\"border:1px solid #6190E8;border-color:#6190E8 transparent transparent transparent;width:24px;height:24px;\\" class=\\"at-loading__ring\\"></div></div></div></div>"`;

exports[`Progress Snap render Progress -- props status(error)  1`] = `"<div class=\\"at-activity-indicator\\"><div class=\\"at-activity-indicator__body\\"><div style=\\"width:24px;height:24px;\\" class=\\"at-loading\\"><div style=\\"border:1px solid #6190E8;border-color:#6190E8 transparent transparent transparent;width:24px;height:24px;\\" class=\\"at-loading__ring\\"></div><div style=\\"border:1px solid #6190E8;border-color:#6190E8 transparent transparent transparent;width:24px;height:24px;\\" class=\\"at-loading__ring\\"></div><div style=\\"border:1px solid #6190E8;border-color:#6190E8 transparent transparent transparent;width:24px;height:24px;\\" class=\\"at-loading__ring\\"></div></div></div></div>"`;

exports[`Progress Snap render Progress -- props status(progress)  1`] = `"<div class=\\"at-activity-indicator\\"><div class=\\"at-activity-indicator__body\\"><div style=\\"width:24px;height:24px;\\" class=\\"at-loading\\"><div style=\\"border:1px solid #6190E8;border-color:#6190E8 transparent transparent transparent;width:24px;height:24px;\\" class=\\"at-loading__ring\\"></div><div style=\\"border:1px solid #6190E8;border-color:#6190E8 transparent transparent transparent;width:24px;height:24px;\\" class=\\"at-loading__ring\\"></div><div style=\\"border:1px solid #6190E8;border-color:#6190E8 transparent transparent transparent;width:24px;height:24px;\\" class=\\"at-loading__ring\\"></div></div></div></div>"`;

exports[`Progress Snap render Progress -- props status(success)  1`] = `"<div class=\\"at-activity-indicator\\"><div class=\\"at-activity-indicator__body\\"><div style=\\"width:24px;height:24px;\\" class=\\"at-loading\\"><div style=\\"border:1px solid #6190E8;border-color:#6190E8 transparent transparent transparent;width:24px;height:24px;\\" class=\\"at-loading__ring\\"></div><div style=\\"border:1px solid #6190E8;border-color:#6190E8 transparent transparent transparent;width:24px;height:24px;\\" class=\\"at-loading__ring\\"></div><div style=\\"border:1px solid #6190E8;border-color:#6190E8 transparent transparent transparent;width:24px;height:24px;\\" class=\\"at-loading__ring\\"></div></div></div></div>"`;

exports[`Progress Snap render Progress -- props strokeWidth  1`] = `"<div class=\\"at-activity-indicator\\"><div class=\\"at-activity-indicator__body\\"><div style=\\"width:24px;height:24px;\\" class=\\"at-loading\\"><div style=\\"border:1px solid #6190E8;border-color:#6190E8 transparent transparent transparent;width:24px;height:24px;\\" class=\\"at-loading__ring\\"></div><div style=\\"border:1px solid #6190E8;border-color:#6190E8 transparent transparent transparent;width:24px;height:24px;\\" class=\\"at-loading__ring\\"></div><div style=\\"border:1px solid #6190E8;border-color:#6190E8 transparent transparent transparent;width:24px;height:24px;\\" class=\\"at-loading__ring\\"></div></div></div></div>"`;

exports[`Progress Snap render initial Progress 1`] = `"<div class=\\"at-activity-indicator\\"><div class=\\"at-activity-indicator__body\\"><div style=\\"width:24px;height:24px;\\" class=\\"at-loading\\"><div style=\\"border:1px solid #6190E8;border-color:#6190E8 transparent transparent transparent;width:24px;height:24px;\\" class=\\"at-loading__ring\\"></div><div style=\\"border:1px solid #6190E8;border-color:#6190E8 transparent transparent transparent;width:24px;height:24px;\\" class=\\"at-loading__ring\\"></div><div style=\\"border:1px solid #6190E8;border-color:#6190E8 transparent transparent transparent;width:24px;height:24px;\\" class=\\"at-loading__ring\\"></div></div></div></div>"`;
