// Jest Snapshot v1, https://goo.gl/fbAQLP

exports[`AtTabBar Snap render AtTabBar -- props backgroundColor 1`] = `"<div style=\\"background-color: red;\\" class=\\"at-tab-bar\\"></div>"`;

exports[`AtTabBar Snap render AtTabBar -- props className 1`] = `"<div style=\\"background-color: #fff;\\" class=\\"at-tab-bar test\\"></div>"`;

exports[`AtTabBar Snap render AtTabBar -- props color 1`] = `"<div style=\\"background-color: #fff;\\" class=\\"at-tab-bar\\"><div style=\\"color: #6190E8;\\" class=\\"at-tab-bar__item\\"><div class=\\"at-badge\\"><div class=\\"at-tab-bar__icon\\"><span style=\\"font-size:24px;color:#6190E8;\\" class=\\"taro-text at-icon at-icon-bullet-list\\"></span></div><div class=\\"at-badge__num\\">new</div></div><div class=\\"\\"><div class=\\"at-badge\\"><div style=\\"font-size: 14px;\\" class=\\"at-tab-bar__title\\">待办事项</div>undefined</div></div></div><div style=\\"color: red;\\" class=\\"at-tab-bar__item\\"><div class=\\"at-badge\\"><div class=\\"at-tab-bar__icon\\"><span style=\\"font-size:24px;color:red;\\" class=\\"taro-text at-icon at-icon-camera\\"></span></div>undefined</div><div class=\\"\\"><div class=\\"at-badge\\"><div style=\\"font-size: 14px;\\" class=\\"at-tab-bar__title\\">拍照</div>undefined</div></div></div><div style=\\"color: red;\\" class=\\"at-tab-bar__item\\"><div class=\\"at-badge\\"><div class=\\"at-tab-bar__icon\\"><span style=\\"font-size:24px;color:red;\\" class=\\"taro-text at-icon at-icon-folder\\"></span></div><div class=\\"at-badge__num\\">99+</div></div><div class=\\"\\"><div class=\\"at-badge\\"><div style=\\"font-size: 14px;\\" class=\\"at-tab-bar__title\\">文件夹</div>undefined</div></div></div></div>"`;

exports[`AtTabBar Snap render AtTabBar -- props current 1`] = `"<div style=\\"background-color: #fff;\\" class=\\"at-tab-bar\\"><div style=\\"color: #333;\\" class=\\"at-tab-bar__item\\"><div class=\\"at-badge\\"><div class=\\"at-tab-bar__icon\\"><span style=\\"font-size:24px;color:#333;\\" class=\\"taro-text at-icon at-icon-bullet-list\\"></span></div><div class=\\"at-badge__num\\">new</div></div><div class=\\"\\"><div class=\\"at-badge\\"><div style=\\"font-size: 14px;\\" class=\\"at-tab-bar__title\\">待办事项</div>undefined</div></div></div><div style=\\"color: #333;\\" class=\\"at-tab-bar__item\\"><div class=\\"at-badge\\"><div class=\\"at-tab-bar__icon\\"><span style=\\"font-size:24px;color:#333;\\" class=\\"taro-text at-icon at-icon-camera\\"></span></div>undefined</div><div class=\\"\\"><div class=\\"at-badge\\"><div style=\\"font-size: 14px;\\" class=\\"at-tab-bar__title\\">拍照</div>undefined</div></div></div><div style=\\"color: #333;\\" class=\\"at-tab-bar__item\\"><div class=\\"at-badge\\"><div class=\\"at-tab-bar__icon\\"><span style=\\"font-size:24px;color:#333;\\" class=\\"taro-text at-icon at-icon-folder\\"></span></div><div class=\\"at-badge__num\\">99+</div></div><div class=\\"\\"><div class=\\"at-badge\\"><div style=\\"font-size: 14px;\\" class=\\"at-tab-bar__title\\">文件夹</div>undefined</div></div></div></div>"`;

exports[`AtTabBar Snap render AtTabBar -- props customStyle 1`] = `"<div style=\\"background-color: #fff;color:red;\\" class=\\"at-tab-bar\\"></div>"`;

exports[`AtTabBar Snap render AtTabBar -- props fixed 1`] = `"<div style=\\"background-color: #fff;\\" class=\\"at-tab-bar at-tab-bar--fixed\\"></div>"`;

exports[`AtTabBar Snap render AtTabBar -- props fontSize 1`] = `"<div style=\\"background-color: #fff;\\" class=\\"at-tab-bar\\"><div style=\\"color: #6190E8;\\" class=\\"at-tab-bar__item\\"><div class=\\"at-badge\\"><div class=\\"at-tab-bar__icon\\"><span style=\\"font-size:24px;color:#6190E8;\\" class=\\"taro-text at-icon at-icon-bullet-list\\"></span></div><div class=\\"at-badge__num\\">new</div></div><div class=\\"\\"><div class=\\"at-badge\\"><div style=\\"font-size: 26px;\\" class=\\"at-tab-bar__title\\">待办事项</div>undefined</div></div></div><div style=\\"color: #333;\\" class=\\"at-tab-bar__item\\"><div class=\\"at-badge\\"><div class=\\"at-tab-bar__icon\\"><span style=\\"font-size:24px;color:#333;\\" class=\\"taro-text at-icon at-icon-camera\\"></span></div>undefined</div><div class=\\"\\"><div class=\\"at-badge\\"><div style=\\"font-size: 26px;\\" class=\\"at-tab-bar__title\\">拍照</div>undefined</div></div></div><div style=\\"color: #333;\\" class=\\"at-tab-bar__item\\"><div class=\\"at-badge\\"><div class=\\"at-tab-bar__icon\\"><span style=\\"font-size:24px;color:#333;\\" class=\\"taro-text at-icon at-icon-folder\\"></span></div><div class=\\"at-badge__num\\">99+</div></div><div class=\\"\\"><div class=\\"at-badge\\"><div style=\\"font-size: 26px;\\" class=\\"at-tab-bar__title\\">文件夹</div>undefined</div></div></div></div>"`;

exports[`AtTabBar Snap render AtTabBar -- props iconSize 1`] = `"<div style=\\"background-color: #fff;\\" class=\\"at-tab-bar\\"><div style=\\"color: #6190E8;\\" class=\\"at-tab-bar__item\\"><div class=\\"at-badge\\"><div class=\\"at-tab-bar__icon\\"><span style=\\"font-size:26px;color:#6190E8;\\" class=\\"taro-text at-icon at-icon-bullet-list\\"></span></div><div class=\\"at-badge__num\\">new</div></div><div class=\\"\\"><div class=\\"at-badge\\"><div style=\\"font-size: 14px;\\" class=\\"at-tab-bar__title\\">待办事项</div>undefined</div></div></div><div style=\\"color: #333;\\" class=\\"at-tab-bar__item\\"><div class=\\"at-badge\\"><div class=\\"at-tab-bar__icon\\"><span style=\\"font-size:26px;color:#333;\\" class=\\"taro-text at-icon at-icon-camera\\"></span></div>undefined</div><div class=\\"\\"><div class=\\"at-badge\\"><div style=\\"font-size: 14px;\\" class=\\"at-tab-bar__title\\">拍照</div>undefined</div></div></div><div style=\\"color: #333;\\" class=\\"at-tab-bar__item\\"><div class=\\"at-badge\\"><div class=\\"at-tab-bar__icon\\"><span style=\\"font-size:26px;color:#333;\\" class=\\"taro-text at-icon at-icon-folder\\"></span></div><div class=\\"at-badge__num\\">99+</div></div><div class=\\"\\"><div class=\\"at-badge\\"><div style=\\"font-size: 14px;\\" class=\\"at-tab-bar__title\\">文件夹</div>undefined</div></div></div></div>"`;

exports[`AtTabBar Snap render AtTabBar -- props scroll 1`] = `"<div style=\\"background-color: #fff;\\" class=\\"at-tab-bar\\"><div style=\\"color: #6190E8;\\" class=\\"at-tab-bar__item\\"><div class=\\"at-badge\\"><div class=\\"at-tab-bar__icon\\"><span style=\\"font-size:24px;color:#6190E8;\\" class=\\"taro-text at-icon at-icon-bullet-list\\"></span></div><div class=\\"at-badge__num\\">new</div></div><div class=\\"\\"><div class=\\"at-badge\\"><div style=\\"font-size: 14px;\\" class=\\"at-tab-bar__title\\">待办事项</div>undefined</div></div></div><div style=\\"color: #333;\\" class=\\"at-tab-bar__item\\"><div class=\\"at-badge\\"><div class=\\"at-tab-bar__icon\\"><span style=\\"font-size:24px;color:#333;\\" class=\\"taro-text at-icon at-icon-camera\\"></span></div>undefined</div><div class=\\"\\"><div class=\\"at-badge\\"><div style=\\"font-size: 14px;\\" class=\\"at-tab-bar__title\\">拍照</div>undefined</div></div></div><div style=\\"color: #333;\\" class=\\"at-tab-bar__item\\"><div class=\\"at-badge\\"><div class=\\"at-tab-bar__icon\\"><span style=\\"font-size:24px;color:#333;\\" class=\\"taro-text at-icon at-icon-folder\\"></span></div><div class=\\"at-badge__num\\">99+</div></div><div class=\\"\\"><div class=\\"at-badge\\"><div style=\\"font-size: 14px;\\" class=\\"at-tab-bar__title\\">文件夹</div>undefined</div></div></div></div>"`;

exports[`AtTabBar Snap render AtTabBar -- props selectedColor 1`] = `"<div style=\\"background-color: #fff;\\" class=\\"at-tab-bar\\"><div style=\\"color: red;\\" class=\\"at-tab-bar__item\\"><div class=\\"at-badge\\"><div class=\\"at-tab-bar__icon\\"><span style=\\"font-size:24px;color:red;\\" class=\\"taro-text at-icon at-icon-bullet-list\\"></span></div><div class=\\"at-badge__num\\">new</div></div><div class=\\"\\"><div class=\\"at-badge\\"><div style=\\"font-size: 14px;\\" class=\\"at-tab-bar__title\\">待办事项</div>undefined</div></div></div><div style=\\"color: #333;\\" class=\\"at-tab-bar__item\\"><div class=\\"at-badge\\"><div class=\\"at-tab-bar__icon\\"><span style=\\"font-size:24px;color:#333;\\" class=\\"taro-text at-icon at-icon-camera\\"></span></div>undefined</div><div class=\\"\\"><div class=\\"at-badge\\"><div style=\\"font-size: 14px;\\" class=\\"at-tab-bar__title\\">拍照</div>undefined</div></div></div><div style=\\"color: #333;\\" class=\\"at-tab-bar__item\\"><div class=\\"at-badge\\"><div class=\\"at-tab-bar__icon\\"><span style=\\"font-size:24px;color:#333;\\" class=\\"taro-text at-icon at-icon-folder\\"></span></div><div class=\\"at-badge__num\\">99+</div></div><div class=\\"\\"><div class=\\"at-badge\\"><div style=\\"font-size: 14px;\\" class=\\"at-tab-bar__title\\">文件夹</div>undefined</div></div></div></div>"`;

exports[`AtTabBar Snap render AtTabBar -- props tabList 1`] = `"<div style=\\"background-color: #fff;\\" class=\\"at-tab-bar\\"><div style=\\"color: #6190E8;\\" class=\\"at-tab-bar__item\\"><div class=\\"at-badge\\"><div class=\\"at-tab-bar__icon\\"><span style=\\"font-size:24px;color:#6190E8;\\" class=\\"taro-text at-icon at-icon-bullet-list\\"></span></div><div class=\\"at-badge__num\\">new</div></div><div class=\\"\\"><div class=\\"at-badge\\"><div style=\\"font-size: 14px;\\" class=\\"at-tab-bar__title\\">待办事项</div>undefined</div></div></div><div style=\\"color: #333;\\" class=\\"at-tab-bar__item\\"><div class=\\"at-badge\\"><div class=\\"at-tab-bar__icon\\"><span style=\\"font-size:24px;color:#333;\\" class=\\"taro-text at-icon at-icon-camera\\"></span></div>undefined</div><div class=\\"\\"><div class=\\"at-badge\\"><div style=\\"font-size: 14px;\\" class=\\"at-tab-bar__title\\">拍照</div>undefined</div></div></div><div style=\\"color: #333;\\" class=\\"at-tab-bar__item\\"><div class=\\"at-badge\\"><div class=\\"at-tab-bar__icon\\"><span style=\\"font-size:24px;color:#333;\\" class=\\"taro-text at-icon at-icon-folder\\"></span></div><div class=\\"at-badge__num\\">99+</div></div><div class=\\"\\"><div class=\\"at-badge\\"><div style=\\"font-size: 14px;\\" class=\\"at-tab-bar__title\\">文件夹</div>undefined</div></div></div></div>"`;

exports[`AtTabBar Snap render initial AtTabBar 1`] = `"<div style=\\"background-color: #fff;\\" class=\\"at-tab-bar\\"></div>"`;
