// Jest Snapshot v1, https://goo.gl/fbAQLP

exports[`AtNavBar Snap render AtNavBar -- props className 1`] = `"<div class=\\"at-nav-bar test\\"><div style=\\"color: #6190E8;\\" class=\\"at-nav-bar__left_view\\"><span style=\\"font-size:24px;color:;\\" class=\\"taro-text at-icon at-icon-\\"></span><span class=\\"taro-text at-nav-bar__text\\"></span></div><div class=\\"at-nav-bar__title\\"></div><div class=\\"at-nav-bar__right_view\\"><div style=\\"color: #6190E8;\\" class=\\"at-nav-bar__container at-nav-bar__container--hide\\"><span style=\\"font-size:24px;color:;\\" class=\\"taro-text at-icon at-icon-\\"></span></div><div style=\\"color: #6190E8;\\" class=\\"at-nav-bar__container at-nav-bar__container--hide\\"><span style=\\"font-size:24px;color:;\\" class=\\"taro-text at-icon at-icon-\\"></span></div></div></div>"`;

exports[`AtNavBar Snap render AtNavBar -- props color 1`] = `"<div class=\\"at-nav-bar\\"><div style=\\"color: #fff;\\" class=\\"at-nav-bar__left_view\\"><span style=\\"font-size:24px;color:;\\" class=\\"taro-text at-icon at-icon-\\"></span><span class=\\"taro-text at-nav-bar__text\\"></span></div><div class=\\"at-nav-bar__title\\"></div><div class=\\"at-nav-bar__right_view\\"><div style=\\"color: #fff;\\" class=\\"at-nav-bar__container at-nav-bar__container--hide\\"><span style=\\"font-size:24px;color:;\\" class=\\"taro-text at-icon at-icon-\\"></span></div><div style=\\"color: #fff;\\" class=\\"at-nav-bar__container at-nav-bar__container--hide\\"><span style=\\"font-size:24px;color:;\\" class=\\"taro-text at-icon at-icon-\\"></span></div></div></div>"`;

exports[`AtNavBar Snap render AtNavBar -- props customStyle 1`] = `"<div style=\\"color:red;\\" class=\\"at-nav-bar\\"><div style=\\"color: #6190E8;\\" class=\\"at-nav-bar__left_view\\"><span style=\\"font-size:24px;color:;\\" class=\\"taro-text at-icon at-icon-\\"></span><span class=\\"taro-text at-nav-bar__text\\"></span></div><div class=\\"at-nav-bar__title\\"></div><div class=\\"at-nav-bar__right_view\\"><div style=\\"color: #6190E8;\\" class=\\"at-nav-bar__container at-nav-bar__container--hide\\"><span style=\\"font-size:24px;color:;\\" class=\\"taro-text at-icon at-icon-\\"></span></div><div style=\\"color: #6190E8;\\" class=\\"at-nav-bar__container at-nav-bar__container--hide\\"><span style=\\"font-size:24px;color:;\\" class=\\"taro-text at-icon at-icon-\\"></span></div></div></div>"`;

exports[`AtNavBar Snap render AtNavBar -- props fixed 1`] = `"<div class=\\"at-nav-bar at-nav-bar--fixed\\"><div style=\\"color: #6190E8;\\" class=\\"at-nav-bar__left_view\\"><span style=\\"font-size:24px;color:;\\" class=\\"taro-text at-icon at-icon-\\"></span><span class=\\"taro-text at-nav-bar__text\\"></span></div><div class=\\"at-nav-bar__title\\"></div><div class=\\"at-nav-bar__right_view\\"><div style=\\"color: #6190E8;\\" class=\\"at-nav-bar__container at-nav-bar__container--hide\\"><span style=\\"font-size:24px;color:;\\" class=\\"taro-text at-icon at-icon-\\"></span></div><div style=\\"color: #6190E8;\\" class=\\"at-nav-bar__container at-nav-bar__container--hide\\"><span style=\\"font-size:24px;color:;\\" class=\\"taro-text at-icon at-icon-\\"></span></div></div></div>"`;

exports[`AtNavBar Snap render AtNavBar -- props leftIconType 1`] = `"<div class=\\"at-nav-bar\\"><div style=\\"color: #6190E8;\\" class=\\"at-nav-bar__left_view\\"><span style=\\"font-size:24px;color:;\\" class=\\"taro-text at-icon at-icon-test\\"></span><span class=\\"taro-text at-nav-bar__text\\"></span></div><div class=\\"at-nav-bar__title\\"></div><div class=\\"at-nav-bar__right_view\\"><div style=\\"color: #6190E8;\\" class=\\"at-nav-bar__container at-nav-bar__container--hide\\"><span style=\\"font-size:24px;color:;\\" class=\\"taro-text at-icon at-icon-\\"></span></div><div style=\\"color: #6190E8;\\" class=\\"at-nav-bar__container at-nav-bar__container--hide\\"><span style=\\"font-size:24px;color:;\\" class=\\"taro-text at-icon at-icon-\\"></span></div></div></div>"`;

exports[`AtNavBar Snap render AtNavBar -- props leftText 1`] = `"<div class=\\"at-nav-bar\\"><div style=\\"color: #6190E8;\\" class=\\"at-nav-bar__left_view\\"><span style=\\"font-size:24px;color:;\\" class=\\"taro-text at-icon at-icon-\\"></span><span class=\\"taro-text at-nav-bar__text\\">test</span></div><div class=\\"at-nav-bar__title\\"></div><div class=\\"at-nav-bar__right_view\\"><div style=\\"color: #6190E8;\\" class=\\"at-nav-bar__container at-nav-bar__container--hide\\"><span style=\\"font-size:24px;color:;\\" class=\\"taro-text at-icon at-icon-\\"></span></div><div style=\\"color: #6190E8;\\" class=\\"at-nav-bar__container at-nav-bar__container--hide\\"><span style=\\"font-size:24px;color:;\\" class=\\"taro-text at-icon at-icon-\\"></span></div></div></div>"`;

exports[`AtNavBar Snap render AtNavBar -- props leftText 2`] = `"<div class=\\"at-nav-bar\\"><div style=\\"color: #6190E8;\\" class=\\"at-nav-bar__left_view\\"><span style=\\"font-size:24px;color:;\\" class=\\"taro-text at-icon at-icon-\\"></span><span class=\\"taro-text at-nav-bar__text\\">test</span></div><div class=\\"at-nav-bar__title\\"></div><div class=\\"at-nav-bar__right_view\\"><div style=\\"color: #6190E8;\\" class=\\"at-nav-bar__container at-nav-bar__container--hide\\"><span style=\\"font-size:24px;color:;\\" class=\\"taro-text at-icon at-icon-\\"></span></div><div style=\\"color: #6190E8;\\" class=\\"at-nav-bar__container at-nav-bar__container--hide\\"><span style=\\"font-size:24px;color:;\\" class=\\"taro-text at-icon at-icon-\\"></span></div></div></div>"`;

exports[`AtNavBar Snap render AtNavBar -- props rightFirstIconType 1`] = `"<div class=\\"at-nav-bar\\"><div style=\\"color: #6190E8;\\" class=\\"at-nav-bar__left_view\\"><span style=\\"font-size:24px;color:;\\" class=\\"taro-text at-icon at-icon-\\"></span><span class=\\"taro-text at-nav-bar__text\\"></span></div><div class=\\"at-nav-bar__title\\"></div><div class=\\"at-nav-bar__right_view\\"><div style=\\"color: #6190E8;\\" class=\\"at-nav-bar__container at-nav-bar__container--hide\\"><span style=\\"font-size:24px;color:;\\" class=\\"taro-text at-icon at-icon-\\"></span></div><div style=\\"color: #6190E8;\\" class=\\"at-nav-bar__container\\"><span style=\\"font-size:24px;color:;\\" class=\\"taro-text at-icon at-icon-test\\"></span></div></div></div>"`;

exports[`AtNavBar Snap render AtNavBar -- props rightSecondIconType 1`] = `"<div class=\\"at-nav-bar\\"><div style=\\"color: #6190E8;\\" class=\\"at-nav-bar__left_view\\"><span style=\\"font-size:24px;color:;\\" class=\\"taro-text at-icon at-icon-\\"></span><span class=\\"taro-text at-nav-bar__text\\"></span></div><div class=\\"at-nav-bar__title\\"></div><div class=\\"at-nav-bar__right_view\\"><div style=\\"color: #6190E8;\\" class=\\"at-nav-bar__container\\"><span style=\\"font-size:24px;color:;\\" class=\\"taro-text at-icon at-icon-test\\"></span></div><div style=\\"color: #6190E8;\\" class=\\"at-nav-bar__container at-nav-bar__container--hide\\"><span style=\\"font-size:24px;color:;\\" class=\\"taro-text at-icon at-icon-\\"></span></div></div></div>"`;

exports[`AtNavBar Snap render AtNavBar -- props title 1`] = `"<div class=\\"at-nav-bar\\"><div style=\\"color: #6190E8;\\" class=\\"at-nav-bar__left_view\\"><span style=\\"font-size:24px;color:;\\" class=\\"taro-text at-icon at-icon-\\"></span><span class=\\"taro-text at-nav-bar__text\\"></span></div><div class=\\"at-nav-bar__title\\">test</div><div class=\\"at-nav-bar__right_view\\"><div style=\\"color: #6190E8;\\" class=\\"at-nav-bar__container at-nav-bar__container--hide\\"><span style=\\"font-size:24px;color:;\\" class=\\"taro-text at-icon at-icon-\\"></span></div><div style=\\"color: #6190E8;\\" class=\\"at-nav-bar__container at-nav-bar__container--hide\\"><span style=\\"font-size:24px;color:;\\" class=\\"taro-text at-icon at-icon-\\"></span></div></div></div>"`;

exports[`AtNavBar Snap render initial AtNavBar 1`] = `"<div class=\\"at-nav-bar\\"><div style=\\"color: #6190E8;\\" class=\\"at-nav-bar__left_view\\"><span style=\\"font-size:24px;color:;\\" class=\\"taro-text at-icon at-icon-\\"></span><span class=\\"taro-text at-nav-bar__text\\"></span></div><div class=\\"at-nav-bar__title\\"></div><div class=\\"at-nav-bar__right_view\\"><div style=\\"color: #6190E8;\\" class=\\"at-nav-bar__container at-nav-bar__container--hide\\"><span style=\\"font-size:24px;color:;\\" class=\\"taro-text at-icon at-icon-\\"></span></div><div style=\\"color: #6190E8;\\" class=\\"at-nav-bar__container at-nav-bar__container--hide\\"><span style=\\"font-size:24px;color:;\\" class=\\"taro-text at-icon at-icon-\\"></span></div></div></div>"`;
