// Jest Snapshot v1, https://goo.gl/fbAQLP

exports[`AtCountDown Snap render AtCountDown -- props className 1`] = `"<div class=\\"at-count-down test\\">undefined<div class=\\"at-count-down__item\\"><div class=\\"at-count-down__time-box\\"><span class=\\"taro-text at-count-down__time\\">00</span></div><span class=\\"taro-text at-count-down__separator\\">时</span></div><div class=\\"at-count-down__item\\"><div class=\\"at-count-down__time-box\\"><span class=\\"taro-text at-count-down__time\\">00</span></div><span class=\\"taro-text at-count-down__separator\\">分</span></div><div class=\\"at-count-down__item\\"><div class=\\"at-count-down__time-box\\"><span class=\\"taro-text at-count-down__time\\">00</span></div><span class=\\"taro-text at-count-down__separator\\">秒</span></div></div>"`;

exports[`AtCountDown Snap render AtCountDown -- props className 2`] = `"<div style=\\"color:red;\\" class=\\"at-count-down\\">undefined<div class=\\"at-count-down__item\\"><div class=\\"at-count-down__time-box\\"><span class=\\"taro-text at-count-down__time\\">00</span></div><span class=\\"taro-text at-count-down__separator\\">时</span></div><div class=\\"at-count-down__item\\"><div class=\\"at-count-down__time-box\\"><span class=\\"taro-text at-count-down__time\\">00</span></div><span class=\\"taro-text at-count-down__separator\\">分</span></div><div class=\\"at-count-down__item\\"><div class=\\"at-count-down__time-box\\"><span class=\\"taro-text at-count-down__time\\">00</span></div><span class=\\"taro-text at-count-down__separator\\">秒</span></div></div>"`;

exports[`AtCountDown Snap render AtCountDown -- props day 1`] = `"<div class=\\"at-count-down\\">undefined<div class=\\"at-count-down__item\\"><div class=\\"at-count-down__time-box\\"><span class=\\"taro-text at-count-down__time\\">00</span></div><span class=\\"taro-text at-count-down__separator\\">时</span></div><div class=\\"at-count-down__item\\"><div class=\\"at-count-down__time-box\\"><span class=\\"taro-text at-count-down__time\\">00</span></div><span class=\\"taro-text at-count-down__separator\\">分</span></div><div class=\\"at-count-down__item\\"><div class=\\"at-count-down__time-box\\"><span class=\\"taro-text at-count-down__time\\">00</span></div><span class=\\"taro-text at-count-down__separator\\">秒</span></div></div>"`;

exports[`AtCountDown Snap render AtCountDown -- props format 1`] = `"<div class=\\"at-count-down\\">undefined<div class=\\"at-count-down__item\\"><div class=\\"at-count-down__time-box\\"><span class=\\"taro-text at-count-down__time\\">00</span></div><span class=\\"taro-text at-count-down__separator\\">:</span></div><div class=\\"at-count-down__item\\"><div class=\\"at-count-down__time-box\\"><span class=\\"taro-text at-count-down__time\\">00</span></div><span class=\\"taro-text at-count-down__separator\\">:</span></div><div class=\\"at-count-down__item\\"><div class=\\"at-count-down__time-box\\"><span class=\\"taro-text at-count-down__time\\">00</span></div><span class=\\"taro-text at-count-down__separator\\"></span></div></div>"`;

exports[`AtCountDown Snap render AtCountDown -- props format 2`] = `"<div class=\\"at-count-down\\">undefined<div class=\\"at-count-down__item\\"><div class=\\"at-count-down__time-box\\"><span class=\\"taro-text at-count-down__time\\">00</span></div><span class=\\"taro-text at-count-down__separator\\">时</span></div><div class=\\"at-count-down__item\\"><div class=\\"at-count-down__time-box\\"><span class=\\"taro-text at-count-down__time\\">01</span></div><span class=\\"taro-text at-count-down__separator\\">分</span></div><div class=\\"at-count-down__item\\"><div class=\\"at-count-down__time-box\\"><span class=\\"taro-text at-count-down__time\\">00</span></div><span class=\\"taro-text at-count-down__separator\\">秒</span></div></div>"`;

exports[`AtCountDown Snap render AtCountDown -- props hours 1`] = `"<div class=\\"at-count-down\\">undefined<div class=\\"at-count-down__item\\"><div class=\\"at-count-down__time-box\\"><span class=\\"taro-text at-count-down__time\\">01</span></div><span class=\\"taro-text at-count-down__separator\\">时</span></div><div class=\\"at-count-down__item\\"><div class=\\"at-count-down__time-box\\"><span class=\\"taro-text at-count-down__time\\">00</span></div><span class=\\"taro-text at-count-down__separator\\">分</span></div><div class=\\"at-count-down__item\\"><div class=\\"at-count-down__time-box\\"><span class=\\"taro-text at-count-down__time\\">00</span></div><span class=\\"taro-text at-count-down__separator\\">秒</span></div></div>"`;

exports[`AtCountDown Snap render AtCountDown -- props isCard 1`] = `"<div class=\\"at-count-down at-count-down--card\\">undefined<div class=\\"at-count-down__item\\"><div class=\\"at-count-down__time-box\\"><span class=\\"taro-text at-count-down__time\\">00</span></div><span class=\\"taro-text at-count-down__separator\\">时</span></div><div class=\\"at-count-down__item\\"><div class=\\"at-count-down__time-box\\"><span class=\\"taro-text at-count-down__time\\">00</span></div><span class=\\"taro-text at-count-down__separator\\">分</span></div><div class=\\"at-count-down__item\\"><div class=\\"at-count-down__time-box\\"><span class=\\"taro-text at-count-down__time\\">00</span></div><span class=\\"taro-text at-count-down__separator\\">秒</span></div></div>"`;

exports[`AtCountDown Snap render AtCountDown -- props isShowDay 1`] = `"<div class=\\"at-count-down\\"><div class=\\"at-count-down__item\\"><div class=\\"at-count-down__time-box\\"><span class=\\"taro-text at-count-down__time\\">00</span></div><span class=\\"taro-text at-count-down__separator\\">天</span></div><div class=\\"at-count-down__item\\"><div class=\\"at-count-down__time-box\\"><span class=\\"taro-text at-count-down__time\\">00</span></div><span class=\\"taro-text at-count-down__separator\\">时</span></div><div class=\\"at-count-down__item\\"><div class=\\"at-count-down__time-box\\"><span class=\\"taro-text at-count-down__time\\">00</span></div><span class=\\"taro-text at-count-down__separator\\">分</span></div><div class=\\"at-count-down__item\\"><div class=\\"at-count-down__time-box\\"><span class=\\"taro-text at-count-down__time\\">00</span></div><span class=\\"taro-text at-count-down__separator\\">秒</span></div></div>"`;

exports[`AtCountDown Snap render AtCountDown -- props seconds 1`] = `"<div class=\\"at-count-down\\">undefined<div class=\\"at-count-down__item\\"><div class=\\"at-count-down__time-box\\"><span class=\\"taro-text at-count-down__time\\">00</span></div><span class=\\"taro-text at-count-down__separator\\">时</span></div><div class=\\"at-count-down__item\\"><div class=\\"at-count-down__time-box\\"><span class=\\"taro-text at-count-down__time\\">00</span></div><span class=\\"taro-text at-count-down__separator\\">分</span></div><div class=\\"at-count-down__item\\"><div class=\\"at-count-down__time-box\\"><span class=\\"taro-text at-count-down__time\\">01</span></div><span class=\\"taro-text at-count-down__separator\\">秒</span></div></div>"`;

exports[`AtCountDown Snap render initial AtCountDown 1`] = `"<div class=\\"at-count-down\\">undefined<div class=\\"at-count-down__item\\"><div class=\\"at-count-down__time-box\\"><span class=\\"taro-text at-count-down__time\\">00</span></div><span class=\\"taro-text at-count-down__separator\\">时</span></div><div class=\\"at-count-down__item\\"><div class=\\"at-count-down__time-box\\"><span class=\\"taro-text at-count-down__time\\">00</span></div><span class=\\"taro-text at-count-down__separator\\">分</span></div><div class=\\"at-count-down__item\\"><div class=\\"at-count-down__time-box\\"><span class=\\"taro-text at-count-down__time\\">00</span></div><span class=\\"taro-text at-count-down__separator\\">秒</span></div></div>"`;
